// Jest Snapshot v1, https://goo.gl/fbAQLP

exports[`App Component should render it 1`] = `
<div
  aria-hidden="true"
>
  <div
    class="bg-blue-light z-index-1001"
  >
    <div>
      <div>
        <div
          class="vh-100"
        />
      </div>
    </div>
  </div>
</div>
`;

exports[`App Component test 1`] = `
<div
  aria-hidden="true"
>
  <div
    class="bg-blue-light z-index-1001"
  >
    <div>
      <div>
        <div
          class="vh-100"
        />
      </div>
    </div>
  </div>
</div>
`;

exports[`MyComponent deber√≠a cambiar el estado de logged correctamente cuando se llama a onSignIn 1`] = `
<div
  aria-hidden="true"
>
  <div
    class="bg-blue-light z-index-1001"
  >
    <div>
      <div>
        <div
          class="vh-100"
        />
      </div>
    </div>
  </div>
</div>
`;

exports[`MyComponent renders correctly 1`] = `ShallowWrapper {}`;

exports[`renders learn react link 1`] = `
<div
  aria-hidden="true"
>
  <div
    class="bg-blue-light z-index-1001"
  >
    <div>
      <div>
        <div
          class="vh-100"
        />
      </div>
    </div>
  </div>
</div>
`;
